<?xml version="1.0" encoding="UTF-8"?>
<!DOCTYPE plist PUBLIC "-//Apple//DTD PLIST 1.0//EN" "http://www.apple.com/DTDs/PropertyList-1.0.dtd">
<plist version="1.0">
<dict>
	<key>_reportPID</key>
	<integer>15559</integer>
	<key>_reportProcessName</key>
	<string>searchd</string>
	<key>_reportTime</key>
	<string>2026-06-03-06-58-51</string>
	<key>age_corespotlight_index</key>
	<integer>54811806</integer>
	<key>age_heartbeat</key>
	<integer>48500110</integer>
	<key>config_global</key>
	<integer>0</integer>
	<key>config_locale</key>
	<string>ru_KZ</string>
	<key>config_ota_version</key>
	<string>133.5.2</string>
	<key>data_collection_error</key>
	<integer>263168</integer>
	<key>index_a_age</key>
	<integer>17362432</integer>
	<key>index_a_config</key>
	<integer>0</integer>
	<key>index_a_count_add_journaled</key>
	<integer>21</integer>
	<key>index_a_count_add_processed</key>
	<integer>23</integer>
	<key>index_a_count_add_request</key>
	<integer>1</integer>
	<key>index_a_count_delete_journaled</key>
	<integer>45</integer>
	<key>index_a_count_delete_processed</key>
	<integer>23</integer>
	<key>index_a_count_delete_request</key>
	<integer>1</integer>
	<key>index_a_count_drop</key>
	<integer>0</integer>
	<key>index_a_count_drop_total</key>
	<integer>0</integer>
	<key>index_a_count_open_clean</key>
	<integer>1</integer>
	<key>index_a_count_open_dirty</key>
	<integer>0</integer>
	<key>index_a_count_update_journaled</key>
	<integer>0</integer>
	<key>index_a_count_update_processed</key>
	<integer>0</integer>
	<key>index_a_count_update_request</key>
	<integer>0</integer>
	<key>index_a_max_index_gen_merge_level</key>
	<integer>1</integer>
	<key>index_a_max_journal_file_bytes</key>
	<integer>0</integer>
	<key>index_a_num_file</key>
	<integer>86</integer>
	<key>index_a_num_index_gen_compacted</key>
	<integer>1</integer>
	<key>index_a_num_index_gen_non_compacted</key>
	<integer>1</integer>
	<key>index_a_num_index_gen_read_only</key>
	<integer>1</integer>
	<key>index_a_num_index_gen_writeable</key>
	<integer>1</integer>
	<key>index_a_num_journal_file</key>
	<integer>0</integer>
	<key>index_a_num_object_sdb</key>
	<integer>76</integer>
	<key>index_a_sdb_file_size_bytes</key>
	<integer>86016</integer>
	<key>index_a_sdb_shadow_file_size_bytes</key>
	<integer>86016</integer>
	<key>index_a_size_bytes</key>
	<integer>1974164</integer>
	<key>index_a_time_since_last_open_clean</key>
	<integer>16056</integer>
	<key>index_a_time_since_last_open_dirty</key>
	<integer>36193</integer>
	<key>index_a_time_since_merge_vacuum_end</key>
	<integer>167423</integer>
	<key>index_a_time_since_merge_vacuum_start</key>
	<integer>167424</integer>
	<key>index_b_age</key>
	<integer>17362432</integer>
	<key>index_b_config</key>
	<integer>0</integer>
	<key>index_b_count_add_journaled</key>
	<integer>0</integer>
	<key>index_b_count_add_processed</key>
	<integer>0</integer>
	<key>index_b_count_add_request</key>
	<integer>0</integer>
	<key>index_b_count_delete_journaled</key>
	<integer>0</integer>
	<key>index_b_count_delete_processed</key>
	<integer>0</integer>
	<key>index_b_count_delete_request</key>
	<integer>0</integer>
	<key>index_b_count_drop</key>
	<integer>0</integer>
	<key>index_b_count_drop_total</key>
	<integer>1</integer>
	<key>index_b_count_open_clean</key>
	<integer>1</integer>
	<key>index_b_count_open_dirty</key>
	<integer>0</integer>
	<key>index_b_count_update_journaled</key>
	<integer>2</integer>
	<key>index_b_count_update_processed</key>
	<integer>2</integer>
	<key>index_b_count_update_request</key>
	<integer>2</integer>
	<key>index_b_max_index_gen_merge_level</key>
	<integer>1</integer>
	<key>index_b_max_journal_file_bytes</key>
	<integer>0</integer>
	<key>index_b_num_file</key>
	<integer>86</integer>
	<key>index_b_num_index_gen_compacted</key>
	<integer>1</integer>
	<key>index_b_num_index_gen_non_compacted</key>
	<integer>1</integer>
	<key>index_b_num_index_gen_read_only</key>
	<integer>1</integer>
	<key>index_b_num_index_gen_writeable</key>
	<integer>1</integer>
	<key>index_b_num_journal_file</key>
	<integer>0</integer>
	<key>index_b_num_object_sdb</key>
	<integer>17</integer>
	<key>index_b_sdb_file_size_bytes</key>
	<integer>36864</integer>
	<key>index_b_sdb_shadow_file_size_bytes</key>
	<integer>36864</integer>
	<key>index_b_size_bytes</key>
	<integer>1149852</integer>
	<key>index_b_time_since_last_open_clean</key>
	<integer>16056</integer>
	<key>index_b_time_since_last_open_dirty</key>
	<integer>246751</integer>
	<key>index_b_time_since_merge_end</key>
	<integer>3800359</integer>
	<key>index_b_time_since_merge_start</key>
	<integer>3800360</integer>
	<key>index_b_time_since_merge_vacuum_end</key>
	<integer>167789</integer>
	<key>index_b_time_since_merge_vacuum_start</key>
	<integer>167789</integer>
	<key>index_c_age</key>
	<integer>771500</integer>
	<key>index_c_config</key>
	<integer>0</integer>
	<key>index_c_count_add_journaled</key>
	<integer>4336</integer>
	<key>index_c_count_add_processed</key>
	<integer>3244</integer>
	<key>index_c_count_add_request</key>
	<integer>2507</integer>
	<key>index_c_count_delete_journaled</key>
	<integer>5350</integer>
	<key>index_c_count_delete_processed</key>
	<integer>2671</integer>
	<key>index_c_count_delete_request</key>
	<integer>2559</integer>
	<key>index_c_count_drop</key>
	<integer>0</integer>
	<key>index_c_count_drop_total</key>
	<integer>15</integer>
	<key>index_c_count_open_clean</key>
	<integer>0</integer>
	<key>index_c_count_open_dirty</key>
	<integer>1</integer>
	<key>index_c_count_update_journaled</key>
	<integer>2903</integer>
	<key>index_c_count_update_processed</key>
	<integer>4840</integer>
	<key>index_c_count_update_request</key>
	<integer>1804</integer>
	<key>index_c_creation_flags_index</key>
	<integer>100664130</integer>
	<key>index_c_creation_flags_sdb</key>
	<integer>75776</integer>
	<key>index_c_creation_version_spotlight</key>
	<string>2400.18.100</string>
	<key>index_c_max_index_gen_merge_level</key>
	<integer>1</integer>
	<key>index_c_max_journal_file_bytes</key>
	<integer>0</integer>
	<key>index_c_num_file</key>
	<integer>108</integer>
	<key>index_c_num_index_gen_compacted</key>
	<integer>1</integer>
	<key>index_c_num_index_gen_non_compacted</key>
	<integer>2</integer>
	<key>index_c_num_index_gen_read_only</key>
	<integer>2</integer>
	<key>index_c_num_index_gen_writeable</key>
	<integer>1</integer>
	<key>index_c_num_journal_file</key>
	<integer>0</integer>
	<key>index_c_num_object_sdb</key>
	<integer>22650</integer>
	<key>index_c_sdb_file_size_bytes</key>
	<integer>15077376</integer>
	<key>index_c_sdb_shadow_file_size_bytes</key>
	<integer>15077376</integer>
	<key>index_c_size_bytes</key>
	<integer>92850486</integer>
	<key>index_c_time_since_last_open_clean</key>
	<integer>143919</integer>
	<key>index_c_time_since_last_open_dirty</key>
	<integer>22857</integer>
	<key>index_c_time_since_merge_end</key>
	<integer>772169</integer>
	<key>index_c_time_since_merge_start</key>
	<integer>772169</integer>
	<key>index_c_time_since_merge_vacuum_end</key>
	<integer>167389</integer>
	<key>index_c_time_since_merge_vacuum_start</key>
	<integer>167398</integer>
	<key>index_cx_age</key>
	<integer>17362434</integer>
	<key>index_cx_config</key>
	<integer>0</integer>
	<key>index_cx_count_add_journaled</key>
	<integer>0</integer>
	<key>index_cx_count_add_processed</key>
	<integer>0</integer>
	<key>index_cx_count_add_request</key>
	<integer>0</integer>
	<key>index_cx_count_delete_journaled</key>
	<integer>0</integer>
	<key>index_cx_count_delete_processed</key>
	<integer>0</integer>
	<key>index_cx_count_delete_request</key>
	<integer>0</integer>
	<key>index_cx_count_drop</key>
	<integer>0</integer>
	<key>index_cx_count_drop_total</key>
	<integer>0</integer>
	<key>index_cx_count_open_clean</key>
	<integer>1</integer>
	<key>index_cx_count_open_dirty</key>
	<integer>0</integer>
	<key>index_cx_count_update_journaled</key>
	<integer>0</integer>
	<key>index_cx_count_update_processed</key>
	<integer>0</integer>
	<key>index_cx_count_update_request</key>
	<integer>0</integer>
	<key>index_cx_max_index_gen_merge_level</key>
	<integer>1</integer>
	<key>index_cx_max_journal_file_bytes</key>
	<integer>0</integer>
	<key>index_cx_num_file</key>
	<integer>83</integer>
	<key>index_cx_num_index_gen_compacted</key>
	<integer>1</integer>
	<key>index_cx_num_index_gen_non_compacted</key>
	<integer>1</integer>
	<key>index_cx_num_index_gen_read_only</key>
	<integer>1</integer>
	<key>index_cx_num_index_gen_writeable</key>
	<integer>1</integer>
	<key>index_cx_num_journal_file</key>
	<integer>0</integer>
	<key>index_cx_num_object_sdb</key>
	<integer>2</integer>
	<key>index_cx_sdb_file_size_bytes</key>
	<integer>36864</integer>
	<key>index_cx_sdb_shadow_file_size_bytes</key>
	<integer>36864</integer>
	<key>index_cx_size_bytes</key>
	<integer>1062442</integer>
	<key>index_cx_time_since_last_open_clean</key>
	<integer>16056</integer>
	<key>index_cx_time_since_last_open_dirty</key>
	<integer>508629</integer>
	<key>index_cx_time_since_merge_vacuum_end</key>
	<integer>167433</integer>
	<key>index_cx_time_since_merge_vacuum_start</key>
	<integer>167433</integer>
	<key>index_mail_age</key>
	<integer>17380476</integer>
	<key>index_mail_config</key>
	<integer>0</integer>
	<key>index_mail_count_add_journaled</key>
	<integer>0</integer>
	<key>index_mail_count_add_processed</key>
	<integer>0</integer>
	<key>index_mail_count_add_request</key>
	<integer>0</integer>
	<key>index_mail_count_delete_journaled</key>
	<integer>0</integer>
	<key>index_mail_count_delete_processed</key>
	<integer>0</integer>
	<key>index_mail_count_delete_request</key>
	<integer>0</integer>
	<key>index_mail_count_drop</key>
	<integer>0</integer>
	<key>index_mail_count_drop_total</key>
	<integer>0</integer>
	<key>index_mail_count_open_clean</key>
	<integer>1</integer>
	<key>index_mail_count_open_dirty</key>
	<integer>0</integer>
	<key>index_mail_count_update_journaled</key>
	<integer>0</integer>
	<key>index_mail_count_update_processed</key>
	<integer>0</integer>
	<key>index_mail_count_update_request</key>
	<integer>0</integer>
	<key>index_mail_max_index_gen_merge_level</key>
	<integer>1</integer>
	<key>index_mail_max_journal_file_bytes</key>
	<integer>0</integer>
	<key>index_mail_num_file</key>
	<integer>85</integer>
	<key>index_mail_num_index_gen_compacted</key>
	<integer>1</integer>
	<key>index_mail_num_index_gen_non_compacted</key>
	<integer>1</integer>
	<key>index_mail_num_index_gen_read_only</key>
	<integer>1</integer>
	<key>index_mail_num_index_gen_writeable</key>
	<integer>1</integer>
	<key>index_mail_num_journal_file</key>
	<integer>0</integer>
	<key>index_mail_num_object_sdb</key>
	<integer>38</integer>
	<key>index_mail_sdb_file_size_bytes</key>
	<integer>36864</integer>
	<key>index_mail_sdb_shadow_file_size_bytes</key>
	<integer>36864</integer>
	<key>index_mail_size_bytes</key>
	<integer>1293146</integer>
	<key>index_mail_time_since_last_open_clean</key>
	<integer>22857</integer>
	<key>index_mail_time_since_last_open_dirty</key>
	<integer>449584</integer>
	<key>index_mail_time_since_merge_vacuum_end</key>
	<integer>167426</integer>
	<key>index_mail_time_since_merge_vacuum_start</key>
	<integer>167427</integer>
	<key>index_priority_age</key>
	<integer>1095986</integer>
	<key>index_priority_config</key>
	<integer>0</integer>
	<key>index_priority_count_add_journaled</key>
	<integer>123</integer>
	<key>index_priority_count_add_processed</key>
	<integer>123</integer>
	<key>index_priority_count_add_request</key>
	<integer>62</integer>
	<key>index_priority_count_delete_journaled</key>
	<integer>16</integer>
	<key>index_priority_count_delete_processed</key>
	<integer>0</integer>
	<key>index_priority_count_delete_request</key>
	<integer>8</integer>
	<key>index_priority_count_drop</key>
	<integer>0</integer>
	<key>index_priority_count_drop_total</key>
	<integer>11</integer>
	<key>index_priority_count_open_clean</key>
	<integer>1</integer>
	<key>index_priority_count_open_dirty</key>
	<integer>0</integer>
	<key>index_priority_count_update_journaled</key>
	<integer>694</integer>
	<key>index_priority_count_update_processed</key>
	<integer>684</integer>
	<key>index_priority_count_update_request</key>
	<integer>415</integer>
	<key>index_priority_creation_flags_index</key>
	<integer>16778050</integer>
	<key>index_priority_creation_flags_sdb</key>
	<integer>75776</integer>
	<key>index_priority_creation_version_spotlight</key>
	<string>2400.18.100</string>
	<key>index_priority_max_index_gen_merge_level</key>
	<integer>1</integer>
	<key>index_priority_max_journal_file_bytes</key>
	<integer>551</integer>
	<key>index_priority_num_file</key>
	<integer>130</integer>
	<key>index_priority_num_index_gen_compacted</key>
	<integer>1</integer>
	<key>index_priority_num_index_gen_non_compacted</key>
	<integer>3</integer>
	<key>index_priority_num_index_gen_read_only</key>
	<integer>3</integer>
	<key>index_priority_num_index_gen_writeable</key>
	<integer>1</integer>
	<key>index_priority_num_journal_file</key>
	<integer>5</integer>
	<key>index_priority_num_object_sdb</key>
	<integer>500</integer>
	<key>index_priority_sdb_file_size_bytes</key>
	<integer>299008</integer>
	<key>index_priority_sdb_shadow_file_size_bytes</key>
	<integer>299008</integer>
	<key>index_priority_size_bytes</key>
	<integer>7433303</integer>
	<key>index_priority_time_since_last_open_clean</key>
	<integer>22857</integer>
	<key>index_priority_time_since_last_open_dirty</key>
	<integer>143250</integer>
	<key>index_priority_time_since_merge_end</key>
	<integer>2185945</integer>
	<key>index_priority_time_since_merge_start</key>
	<integer>2185946</integer>
	<key>index_priority_time_since_merge_vacuum_end</key>
	<integer>167424</integer>
	<key>index_priority_time_since_merge_vacuum_start</key>
	<integer>167425</integer>
	<key>system_fs_free_space_bytes</key>
	<integer>2365804544</integer>
	<key>system_fs_mount_flags</key>
	<integer>343969944</integer>
	<key>system_fs_total_space_bytes</key>
	<integer>127866785792</integer>
	<key>system_fs_type</key>
	<string>apfs</string>
	<key>system_total_ram_gb</key>
	<integer>4</integer>
	<key>system_volume_flags</key>
	<integer>18296925792237518977</integer>
	<key>time_since_last_heartbeat</key>
	<integer>35882</integer>
	<key>time_since_launch_1</key>
	<integer>22862</integer>
	<key>time_since_launch_2</key>
	<integer>36193</integer>
	<key>time_since_launch_3</key>
	<integer>56972</integer>
	<key>time_since_software_update</key>
	<integer>12182373</integer>
	<key>version_build</key>
	<string>23C71</string>
	<key>version_build_previous</key>
	<string>23C55</string>
	<key>version_spotlight</key>
	<string>2400.18.100</string>
	<key>version_spotlight_previous</key>
	<string>2400.14.100</string>
	<key>version_train_previous</key>
	<string>23C55</string>
</dict>
</plist>
